hackerrank test
